New log line
